type MY_INT = INTEGER;
var A : array [const 1..const 10] of MY_INT;
:=       
|        
|___[]   
|   |    
|   |___A
|   |    
|   |___1
|        
|___12345
