type TT = INTEGER;
var A : array [const 1..const 10] of array [const 1..const 20] of FLOAT;
var B : array [const 1..const 10] of array [const 1..const 20] of FLOAT;
var I : TT;
var J : TT;
[]   
|    
|___A
|    
|___I
