type TARR = array [const 1..const 10] of INTEGER;
var A : array [const 1..const 10] of TARR;
var B : TARR;
[]   
|    
|___A
|    
|___5
