function FUNC(var I : INTEGER;var J : REAL;): INTEGER;var A : REAL;
var J : REAL;
var I : INTEGER;

:=              
|               
|___A           
|               
|___ItoR        
    |           
    |___()      
        |       
        |___FUNC
        |       
        |___I   
        |       
        |___J   
