type TREC = record 
    var X : INTEGER;
end;
type TARR = array [const 1..const 10] of TREC;
function FUNC: TARR;
var I : INTEGER;
var A : TREC;
17 7 Range check error