var I : INTEGER;
var J : INTEGER;

5 5 Unexpected keyword found