var I : INTEGER;
var J : INTEGER;

begin            
|                
|___if           
|   |            
|   |___OR       
|   |   |        
|   |   |___>    
|   |   |   |    
|   |   |   |___I
|   |   |   |    
|   |   |   |___J
|   |   |        
|   |   |___<    
|   |       |    
|   |       |___I
|   |       |    
|   |       |___J
|   |            
|   then         
|   |            
|   |___begin    
|       |        
|       |___:=   
|       |   |    
|       |   |___I
|       |   |    
|       |   |___J
|       |        
|       end      
|                
end              
