var I : INTEGER;
var J : INTEGER;
var ARR : array [const 1..const 10] of array [const 1..const 11] of INTEGER;
const M = 12.35;

11 5 Condition must be integer