var I : INTEGER;
var J : INTEGER;

17 4 Condition must be integer