var A : record 
    var X : MY_INT;
end;
var I : INTEGER;
var J : INTEGER;
type MY_INT = INTEGER

10 5 Condition must be integer