var I : INTEGER;
var J : INTEGER;
var K : INTEGER;
var L : INTEGER;
var N : INTEGER;

begin                
|                    
|___for              
|   |                
|   |___:=           
|   |   |            
|   |   |___I        
|   |   |            
|   |   |___1        
|   |                
|   to               
|   |                
|   |___N            
|   |                
|   do               
|   |                
|   |___begin        
|       |            
|       |___:=       
|       |   |        
|       |   |___L    
|       |   |        
|       |   |___+    
|       |       |    
|       |       |___L
|       |       |    
|       |       |___K
|       |            
|       |___:=       
|       |   |        
|       |   |___K    
|       |   |        
|       |   |___+    
|       |       |    
|       |       |___K
|       |       |    
|       |       |___5
|       |            
|       |___:=       
|       |   |        
|       |   |___J    
|       |   |        
|       |   |___7    
|       |            
|       end          
|                    
end                  
