var I : INTEGER;
var J : INTEGER;
var K : INTEGER;
var L : INTEGER;
var N : INTEGER;

23 3 Final expression must be integer