var ARR : array [const 1..const 10] of INTEGER;
var I : INTEGER;
var J : INTEGER;
var K : INTEGER;
var L : INTEGER;
const M = 18;
var N : INTEGER;

9 5 Illegal counter variable