var I : INTEGER;
var J : INTEGER;

function FUNC(var I : INTEGER;): INTEGER;

begin         
|             
|___:=        
|   |         
|   |___RESULT
|   |         
|   |___I     
|             
end           


begin            
|                
|___for          
|   |            
|   |___:=       
|   |   |        
|   |   |___I    
|   |   |        
|   |   |___1    
|   |            
|   to           
|   |            
|   |___()       
|   |   |        
|   |   |___FUNC 
|   |   |        
|   |   |___10   
|   |            
|   do           
|   |            
|   |___begin    
|       |        
|       |___:=   
|       |   |    
|       |   |___J
|       |   |    
|       |   |___5
|       |        
|       end      
|                
end              
