var I : INTEGER;
var J : INTEGER;

begin            
|                
|___for          
|   |            
|   |___:=       
|   |   |        
|   |   |___I    
|   |   |        
|   |   |___J    
|   |            
|   downto       
|   |            
|   |___I        
|   |            
|   do           
|   |            
|   |___begin    
|       |        
|       |___:=   
|       |   |    
|       |   |___J
|       |   |    
|       |   |___5
|       |        
|       end      
|                
end              
