function FUNC(var I : INTEGER;): INTEGER;
begin         
|             
|___:=        
|   |         
|   |___RESULT
|   |         
|   |___I     
|             
end           

var I : INTEGER;
var J : INTEGER;
var R : REAL;

begin                
|                    
|___while            
|   |                
|   |___()           
|   |   |            
|   |   |___FUNC     
|   |   |            
|   |   |___I        
|   |                
|   do               
|   |                
|   |___begin        
|       |            
|       |___:=       
|       |   |        
|       |   |___I    
|       |   |        
|       |   |___+    
|       |       |    
|       |       |___I
|       |       |    
|       |       |___1
|       |            
|       end          
|                    
end                  
