var I : INTEGER;
var J : INTEGER;

begin            
|                
|___repeat       
|   |            
|   |___begin    
|   |   |        
|   |   |___begin
|   |   |   |    
|   |   |   end  
|   |   |        
|   |   |___begin
|   |   |   |    
|   |   |   end  
|   |   |        
|   |   end      
|   |            
|   until        
|   |            
|   |___>        
|       |        
|       |___I    
|       |        
|       |___J    
|                
end              
