var A : array [const 1..const 1000] of INTEGER;
var ANS : INTEGER;
var I : INTEGER;
var J : INTEGER;
var L : INTEGER;
var LEN : array [const 1..const 2000] of INTEGER;
var M : INTEGER;
var N : INTEGER;
var P : array [const 1..const 1000] of INTEGER;
var Q : array [const 1..const 1000] of INTEGER;
var R : INTEGER;
var T : INTEGER;

begin                                            
|                                                
|___for                                          
|   |                                            
|   |___:=                                       
|   |   |                                        
|   |   |___I                                    
|   |   |                                        
|   |   |___L                                    
|   |                                            
|   to                                           
|   |                                            
|   |___R                                        
|   |                                            
|   do                                           
|   |                                            
|   |___begin                                    
|       |                                        
|       |___repeat                               
|       |   |                                    
|       |   |___begin                            
|       |   |   |                                
|       |   |   |___:=                           
|       |   |   |   |                            
|       |   |   |   |___ANS                      
|       |   |   |   |                            
|       |   |   |   |___+                        
|       |   |   |       |                        
|       |   |   |       |___ANS                  
|       |   |   |       |                        
|       |   |   |       |___[]                   
|       |   |   |           |                    
|       |   |   |           |___A                
|       |   |   |           |                    
|       |   |   |           |___[]               
|       |   |   |               |                
|       |   |   |               |___Q            
|       |   |   |               |                
|       |   |   |               |___L            
|       |   |   |                                
|       |   |   |___if                           
|       |   |   |   |                            
|       |   |   |   |___=                        
|       |   |   |   |   |                        
|       |   |   |   |   |___J                    
|       |   |   |   |   |                        
|       |   |   |   |   |___7                    
|       |   |   |   |                            
|       |   |   |   then                         
|       |   |   |   |                            
|       |   |   |   |___begin                    
|       |   |   |   |   |                        
|       |   |   |   |   |___break                
|       |   |   |   |   |                        
|       |   |   |   |   end                      
|       |   |   |   |                            
|       |   |   |   else                         
|       |   |   |   |                            
|       |   |   |   |___begin                    
|       |   |   |       |                        
|       |   |   |       |___continue             
|       |   |   |       |                        
|       |   |   |       end                      
|       |   |   |                                
|       |   |   end                              
|       |   |                                    
|       |   until                                
|       |   |                                    
|       |   |___<                                
|       |       |                                
|       |       |___L                            
|       |       |                                
|       |       |___R                            
|       |                                        
|       |___:=                                   
|       |   |                                    
|       |   |___T                                
|       |   |                                    
|       |   |___+                                
|       |       |                                
|       |       |___M                            
|       |       |                                
|       |       |___N                            
|       |                                        
|       |___:=                                   
|       |   |                                    
|       |   |___J                                
|       |   |                                    
|       |   |___I                                
|       |                                        
|       |___while                                
|       |   |                                    
|       |   |___>                                
|       |   |   |                                
|       |   |   |___T                            
|       |   |   |                                
|       |   |   |___N                            
|       |   |                                    
|       |   do                                   
|       |   |                                    
|       |   |___begin                            
|       |       |                                
|       |       |___if                           
|       |       |   |                            
|       |       |   |___<=                       
|       |       |   |   |                        
|       |       |   |   |___J                    
|       |       |   |   |                        
|       |       |   |   |___[]                   
|       |       |   |       |                    
|       |       |   |       |___LEN              
|       |       |   |       |                    
|       |       |   |       |___[]               
|       |       |   |           |                
|       |       |   |           |___P            
|       |       |   |           |                
|       |       |   |           |___-            
|       |       |   |               |            
|       |       |   |               |___T        
|       |       |   |               |            
|       |       |   |               |___N        
|       |       |   |                            
|       |       |   then                         
|       |       |   |                            
|       |       |   |___begin                    
|       |       |   |   |                        
|       |       |   |   |___:=                   
|       |       |   |   |   |                    
|       |       |   |   |   |___T                
|       |       |   |   |   |                    
|       |       |   |   |   |___[]               
|       |       |   |   |       |                
|       |       |   |   |       |___P            
|       |       |   |   |       |                
|       |       |   |   |       |___-            
|       |       |   |   |           |            
|       |       |   |   |           |___T        
|       |       |   |   |           |            
|       |       |   |   |           |___N        
|       |       |   |   |                        
|       |       |   |   end                      
|       |       |   |                            
|       |       |   else                         
|       |       |   |                            
|       |       |   |___begin                    
|       |       |       |                        
|       |       |       |___:=                   
|       |       |       |   |                    
|       |       |       |   |___J                
|       |       |       |   |                    
|       |       |       |   |___-                
|       |       |       |       |                
|       |       |       |       |___J            
|       |       |       |       |                
|       |       |       |       |___[]           
|       |       |       |           |            
|       |       |       |           |___LEN      
|       |       |       |           |            
|       |       |       |           |___[]       
|       |       |       |               |        
|       |       |       |               |___P    
|       |       |       |               |        
|       |       |       |               |___-    
|       |       |       |                   |    
|       |       |       |                   |___T
|       |       |       |                   |    
|       |       |       |                   |___N
|       |       |       |                        
|       |       |       |___:=                   
|       |       |       |   |                    
|       |       |       |   |___T                
|       |       |       |   |                    
|       |       |       |   |___[]               
|       |       |       |       |                
|       |       |       |       |___Q            
|       |       |       |       |                
|       |       |       |       |___-            
|       |       |       |           |            
|       |       |       |           |___T        
|       |       |       |           |            
|       |       |       |           |___N        
|       |       |       |                        
|       |       |       end                      
|       |       |                                
|       |       end                              
|       |                                        
|       |___:=                                   
|       |   |                                    
|       |   |___ANS                              
|       |   |                                    
|       |   |___+                                
|       |       |                                
|       |       |___ANS                          
|       |       |                                
|       |       |___[]                           
|       |           |                            
|       |           |___A                        
|       |           |                            
|       |           |___T                        
|       |                                        
|       end                                      
|                                                
end                                              
