var F : INTEGER;
var I : INTEGER;
var J : INTEGER;
var K : INTEGER;
procedure PROC(var M : INTEGER;var N : INTEGER;);
begin                
|                    
|___if               
|   |                
|   |___M            
|   |                
|   then             
|   |                
|   |___begin        
|       |            
|       |___:=       
|       |   |        
|       |   |___N    
|       |   |        
|       |   |___7    
|       |            
|       end          
|                    
|___for              
|   |                
|   |___:=           
|   |   |            
|   |   |___I        
|   |   |            
|   |   |___1        
|   |                
|   to               
|   |                
|   |___M            
|   |                
|   do               
|   |                
|   |___begin        
|       |            
|       |___:=       
|       |   |        
|       |   |___K    
|       |   |        
|       |   |___+    
|       |       |    
|       |       |___K
|       |       |    
|       |       |___1
|       |            
|       end          
|                    
|___:=               
|   |                
|   |___F            
|   |                
|   |___K            
|                    
end                  

type TT = REAL

begin                
|                    
|___()               
|   |                
|   |___PROC         
|   |                
|   |___I            
|   |                
|   |___J            
|                    
|___()               
|   |                
|   |___PROC         
|   |                
|   |___+            
|   |   |            
|   |   |___I        
|   |   |            
|   |   |___7        
|   |                
|   |___K            
|                    
end                  
