var F : INTEGER;
var I : INTEGER;
var J : INTEGER;
var K : INTEGER;
procedure PROC(var M : INTEGER;var N : INTEGER;);
begin     
|         
|___:=    
|   |     
|   |___M 
|   |     
|   |___10
|         
end       

var R : REAL;

20 8 Variable must be typed