var I : INTEGER;
var J : INTEGER;
var N : INTEGER;
procedure REC(var L : INTEGER;var NUM : INTEGER;var S : REAL;);
begin                                
|                                    
|___for                              
|   |                                
|   |___:=                           
|   |   |                            
|   |   |___J                        
|   |   |                            
|   |   |___NUM                      
|   |                                
|   to                               
|   |                                
|   |___L                            
|   |                                
|   do                               
|   |                                
|   |___begin                        
|       |                            
|       |___if                       
|       |   |                        
|       |   |___AND                  
|       |   |   |                    
|       |   |   |___AND              
|       |   |   |   |                
|       |   |   |   |___>=           
|       |   |   |   |   |            
|       |   |   |   |   |___-        
|       |   |   |   |   |   |        
|       |   |   |   |   |   |___L    
|       |   |   |   |   |   |        
|       |   |   |   |   |   |___J    
|       |   |   |   |   |            
|       |   |   |   |   |___NUM      
|       |   |   |   |                
|       |   |   |   |___<=           
|       |   |   |       |            
|       |   |   |       |___-        
|       |   |   |       |   |        
|       |   |   |       |   |___S    
|       |   |   |       |   |        
|       |   |   |       |   |___ItoR 
|       |   |   |       |       |    
|       |   |   |       |       |___3
|       |   |   |       |            
|       |   |   |       |___ItoR     
|       |   |   |           |        
|       |   |   |           |___J    
|       |   |   |                    
|       |   |   |___>=               
|       |   |       |                
|       |   |       |___L            
|       |   |       |                
|       |   |       |___NUM          
|       |   |                        
|       |   then                     
|       |   |                        
|       |   |___begin                
|       |       |                    
|       |       |___()               
|       |       |   |                
|       |       |   |___REC          
|       |       |   |                
|       |       |   |___NUM          
|       |       |   |                
|       |       |   |___-            
|       |       |   |   |            
|       |       |   |   |___L        
|       |       |   |   |            
|       |       |   |   |___J        
|       |       |   |                
|       |       |   |___+            
|       |       |       |            
|       |       |       |___S        
|       |       |       |            
|       |       |       |___ItoR     
|       |       |           |        
|       |       |           |___5    
|       |       |                    
|       |       end                  
|       |                            
|       |___if                       
|       |   |                        
|       |   |___AND                  
|       |   |   |                    
|       |   |   |___AND              
|       |   |   |   |                
|       |   |   |   |___AND          
|       |   |   |   |   |            
|       |   |   |   |   |___=        
|       |   |   |   |   |   |        
|       |   |   |   |   |   |___-    
|       |   |   |   |   |   |   |    
|       |   |   |   |   |   |   |___L
|       |   |   |   |   |   |   |    
|       |   |   |   |   |   |   |___J
|       |   |   |   |   |   |        
|       |   |   |   |   |   |___0    
|       |   |   |   |   |            
|       |   |   |   |   |___>=       
|       |   |   |   |       |        
|       |   |   |   |       |___J    
|       |   |   |   |       |        
|       |   |   |   |       |___NUM  
|       |   |   |   |                
|       |   |   |   |___<=           
|       |   |   |       |            
|       |   |   |       |___-        
|       |   |   |       |   |        
|       |   |   |       |   |___S    
|       |   |   |       |   |        
|       |   |   |       |   |___4.5  
|       |   |   |       |            
|       |   |   |       |___ItoR     
|       |   |   |           |        
|       |   |   |           |___J    
|       |   |   |                    
|       |   |   |___>=               
|       |   |       |                
|       |   |       |___L            
|       |   |       |                
|       |   |       |___NUM          
|       |   |                        
|       |   then                     
|       |   |                        
|       |   |___begin                
|       |       |                    
|       |       |___:=               
|       |       |   |                
|       |       |   |___S1           
|       |       |   |                
|       |       |   |___1E-10        
|       |       |                    
|       |       end                  
|       |                            
|       end                          
|                                    
end                                  

var S : REAL;
var TMP : REAL;

begin                                
|                                    
|___for                              
|   |                                
|   |___:=                           
|   |   |                            
|   |   |___I                        
|   |   |                            
|   |   |___1                        
|   |                                
|   to                               
|   |                                
|   |___+                            
|   |   |                            
|   |   |___DIV                      
|   |   |   |                        
|   |   |   |___N                    
|   |   |   |                        
|   |   |   |___2                    
|   |   |                            
|   |   |___1                        
|   |                                
|   do                               
|   |                                
|   |___begin                        
|       |                            
|       |___()                       
|       |   |                        
|       |   |___REC                  
|       |   |                        
|       |   |___I                    
|       |   |                        
|       |   |___-                    
|       |   |   |                    
|       |   |   |___N                
|       |   |   |                    
|       |   |   |___I                
|       |   |                        
|       |   |___ItoR                 
|       |       |                    
|       |       |___I                
|       |                            
|       end                          
|                                    
end                                  
