function FUNC(var I : INTEGER;): INTEGER;
begin         
|             
|___:=        
|   |         
|   |___RESULT
|   |         
|   |___I     
|             
end           

var I : INTEGER;
var J : INTEGER;

begin                
|                    
|___for              
|   |                
|   |___:=           
|   |   |            
|   |   |___I        
|   |   |            
|   |   |___()       
|   |       |        
|   |       |___FUNC 
|   |       |        
|   |       |___1    
|   |                
|   to               
|   |                
|   |___()           
|   |   |            
|   |   |___FUNC     
|   |   |            
|   |   |___5        
|   |                
|   do               
|   |                
|   |___begin        
|       |            
|       |___:=       
|       |   |        
|       |   |___J    
|       |   |        
|       |   |___+    
|       |       |    
|       |       |___J
|       |       |    
|       |       |___1
|       |            
|       end          
|                    
end                  
