procedure FUNC(var I : INTEGER;);
begin    
|        
|___:=   
|   |    
|   |___I
|   |    
|   |___I
|        
end      

var I : INTEGER;
var J : INTEGER;

18 7 Init expression must be integer