type TMATRIX = array [const 1..const 1] of INTEGER;
var MATRIX : ^TMATRIX;
var SUMS : ^TMATRIX;
var NUMS : ^TMATRIX;
var I : INTEGER;
var J : INTEGER;
var K1 : INTEGER;
var K2 : INTEGER;
var M : INTEGER;
var N : INTEGER;
