type A = array [const 1..const 1] of INTEGER;
type B = array [const 1..const 1] of A;
type C = array [const 1..const 1] of B;
