type TARRAY = array [const 1..const 10] of INTEGER;
var A : TARRAY;
type TRECORDARRAY = record 
    var A : INTEGER;
    var B : INTEGER;
    var C : INTEGER;
    var MASS : TARRAY;
end;
var B : TRECORDARRAY;
var C : TRECORDARRAY;
const MAXN = 1000; 
