var A : INTEGER;
const MAXN = 10; 
type TT = INTEGER;
type TLONG = array [const 1..const MAXN] of TT;
type TLONGLONG = array [const 1..const 20] of TLONG;
var Q : TLONGLONG;
type TMEGAPOINTS = record 
    var A : REAL;
    var B : REAL;
    var C : REAL;
    var X : TLONGLONG;
    var Y : TLONGLONG;
    var Z : TLONGLONG;
end;
var W : TMEGAPOINTS;
